[radiustheme.com/demo/html/cirkle/newsfeed.html]
[backblue.gif]
[fade.gif]
[index.html]
[radiustheme.com/demo/html/cirkle/media/favicon.png]
[radiustheme.com/demo/html/cirkle/dependencies/bootstrap/css/bootstrap.min.css]
[radiustheme.com/demo/html/cirkle/dependencies/icofont/icofont.min.css]
[radiustheme.com/demo/html/cirkle/dependencies/slick-carousel/css/slick.css]
[radiustheme.com/demo/html/cirkle/dependencies/slick-carousel/css/slick-theme.css]
[radiustheme.com/demo/html/cirkle/dependencies/magnific-popup/css/magnific-popup.css]
[radiustheme.com/demo/html/cirkle/dependencies/sal.js/sal.css]
[radiustheme.com/demo/html/cirkle/dependencies/mcustomscrollbar/jquery.mCustomScrollbar.min.css]
[radiustheme.com/demo/html/cirkle/dependencies/select2/css/select2.min.css]
[radiustheme.com/demo/html/cirkle/assets/css/app.css]
[radiustheme.com/demo/html/cirkle/index.html]
[radiustheme.com/demo/html/cirkle/media/logo.png]
[radiustheme.com/demo/html/cirkle/user-timeline.html]
[radiustheme.com/demo/html/cirkle/user-about.html]
[radiustheme.com/demo/html/cirkle/user-friends.html]
[radiustheme.com/demo/html/cirkle/user-groups.html]
[radiustheme.com/demo/html/cirkle/user-photo.html]
[radiustheme.com/demo/html/cirkle/user-video.html]
[radiustheme.com/demo/html/cirkle/user-badges.html]
[radiustheme.com/demo/html/cirkle/forums.html]
[radiustheme.com/demo/html/cirkle/forums-forum.html]
[radiustheme.com/demo/html/cirkle/forums-timeline.html]
[radiustheme.com/demo/html/cirkle/forums-info.html]
[radiustheme.com/demo/html/cirkle/forums-members.html]
[radiustheme.com/demo/html/cirkle/forums-media.html]
[radiustheme.com/demo/html/cirkle/about-us.html]
[radiustheme.com/demo/html/cirkle/user-blog.html]
[radiustheme.com/demo/html/cirkle/shop.html]
[radiustheme.com/demo/html/cirkle/single-blog.html]
[radiustheme.com/demo/html/cirkle/single-shop.html]
[radiustheme.com/demo/html/cirkle/contact.html]
[radiustheme.com/demo/html/cirkle/media/figure/cart_1.jpg]
[radiustheme.com/demo/html/cirkle/media/figure/cart_2.jpg]
[radiustheme.com/demo/html/cirkle/media/figure/cart_3.jpg]
[radiustheme.com/demo/html/cirkle/media/figure/chat_5.jpg]
[radiustheme.com/demo/html/cirkle/media/figure/chat_1.jpg]
[radiustheme.com/demo/html/cirkle/media/figure/chat_8.jpg]
[radiustheme.com/demo/html/cirkle/media/figure/notifiy_1.png]
[radiustheme.com/demo/html/cirkle/media/figure/notifiy_2.png]
[radiustheme.com/demo/html/cirkle/media/figure/notifiy_3.png]
[radiustheme.com/demo/html/cirkle/login.html]
[radiustheme.com/demo/html/cirkle/media/logo2.png]
[radiustheme.com/demo/html/cirkle/media/figure/chat_2.jpg]
[radiustheme.com/demo/html/cirkle/media/figure/chat_3.jpg]
[radiustheme.com/demo/html/cirkle/media/figure/chat_4.jpg]
[radiustheme.com/demo/html/cirkle/media/figure/chat_6.jpg]
[radiustheme.com/demo/html/cirkle/media/figure/chat_7.jpg]
[radiustheme.com/demo/html/cirkle/media/figure/chat_9.jpg]
[radiustheme.com/demo/html/cirkle/media/figure/chat_10.jpg]
[radiustheme.com/demo/html/cirkle/media/banner/shape_7.png]
[radiustheme.com/demo/html/cirkle/media/banner/people_2.png]
[radiustheme.com/demo/html/cirkle/media/figure/post_1.jpg]
[radiustheme.com/demo/html/cirkle/media/figure/reaction_1.png]
[radiustheme.com/demo/html/cirkle/media/figure/reaction_2.png]
[radiustheme.com/demo/html/cirkle/media/figure/reaction_4.png]
[radiustheme.com/demo/html/cirkle/media/figure/reaction_7.png]
[radiustheme.com/demo/html/cirkle/media/figure/reaction_6.png]
[radiustheme.com/demo/html/cirkle/media/figure/reaction_5.png]
[radiustheme.com/demo/html/cirkle/media/figure/post_2.jpg]
[radiustheme.com/demo/html/cirkle/media/figure/post_3.jpg]
[radiustheme.com/demo/html/cirkle/media/figure/chat_13.jpg]
[radiustheme.com/demo/html/cirkle/media/figure/post_4.jpg]
[radiustheme.com/demo/html/cirkle/media/figure/post_5.jpg]
[radiustheme.com/demo/html/cirkle/media/figure/post_6.jpg]
[radiustheme.com/demo/html/cirkle/media/figure/post_7.jpg]
[radiustheme.com/demo/html/cirkle/media/figure/post_8.jpg]
[radiustheme.com/demo/html/cirkle/media/figure/reaction_3.png]
[radiustheme.com/demo/html/cirkle/user-single-group.html]
[radiustheme.com/demo/html/cirkle/media/figure/post_9.jpg]
[radiustheme.com/demo/html/cirkle/media/figure/shape_12.jpg]
[radiustheme.com/demo/html/cirkle/media/figure/author_1.jpg]
[radiustheme.com/demo/html/cirkle/media/groups/groups_9.jpg]
[radiustheme.com/demo/html/cirkle/media/groups/groups_10.jpg]
[radiustheme.com/demo/html/cirkle/media/groups/groups_11.jpg]
[radiustheme.com/demo/html/cirkle/media/groups/groups_12.jpg]
[radiustheme.com/demo/html/cirkle/media/figure/widget_banner_1.png]
[radiustheme.com/demo/html/cirkle/media/logo_dark.png]
[radiustheme.com/demo/html/cirkle/media/figure/chat_12.jpg]
[radiustheme.com/demo/html/cirkle/media/figure/chat_11.jpg]
[radiustheme.com/demo/html/cirkle/dependencies/jquery/js/jquery.min.js]
[radiustheme.com/demo/html/cirkle/dependencies/popper.js/js/popper.min.js]
[radiustheme.com/demo/html/cirkle/dependencies/bootstrap/js/bootstrap.min.js]
[radiustheme.com/demo/html/cirkle/dependencies/imagesloaded/js/imagesloaded.pkgd.min.js]
[radiustheme.com/demo/html/cirkle/dependencies/isotope-layout/js/isotope.pkgd.min.js]
[radiustheme.com/demo/html/cirkle/dependencies/slick-carousel/js/slick.min.js]
[radiustheme.com/demo/html/cirkle/dependencies/sal.js/sal.js]
[radiustheme.com/demo/html/cirkle/dependencies/magnific-popup/js/jquery.magnific-popup.min.js]
[radiustheme.com/demo/html/cirkle/dependencies/mcustomscrollbar/jquery.mCustomScrollbar.concat.min.js]
[radiustheme.com/demo/html/cirkle/dependencies/select2/js/select2.min.js]
[radiustheme.com/demo/html/cirkle/dependencies/elevate-zoom/jquery.elevatezoom.js]
[radiustheme.com/demo/html/cirkle/dependencies/bootstrap-validator/js/validator.min.js]
[radiustheme.com/demo/html/cirkle/newsfeed.html]
[radiustheme.com/demo/html/cirkle/dependencies/bootstrap/css/bootstrap.min.css]
[radiustheme.com/demo/html/cirkle/assets/js/app.js]
[radiustheme.com/demo/html/cirkle/dependencies/icofont/fonts/icofont.woff2]
[radiustheme.com/demo/html/cirkle/dependencies/icofont/fonts/icofont.woff]
[radiustheme.com/demo/html/cirkle/dependencies/icofont/icofont.min.css]
[radiustheme.com/demo/html/cirkle/dependencies/slick-carousel/css/slick.css]
[radiustheme.com/demo/html/cirkle/dependencies/slick-carousel/css/ajax-loader.gif]
[radiustheme.com/demo/html/cirkle/dependencies/slick-carousel/css/slick-theme.css]
[radiustheme.com/demo/html/cirkle/dependencies/magnific-popup/css/magnific-popup.css]
[radiustheme.com/demo/html/cirkle/dependencies/sal.js/sal.css]
[www.radiustheme.com/demo/html/cirkle/dependencies/mcustomscrollbar/mCSB_buttons.66.delayed]
[radiustheme.com/demo/html/cirkle/dependencies/mcustomscrollbar/jquery.mCustomScrollbar.min.css]
[radiustheme.com/demo/html/cirkle/dependencies/select2/css/select2.min.css]
[radiustheme.com/demo/html/cirkle/media/banner/hero_1.jpg]
[radiustheme.com/demo/html/cirkle/media/figure/footer_shape.png]
[radiustheme.com/demo/html/cirkle/media/figure/chat_round_shape3.png]
[radiustheme.com/demo/html/cirkle/media/figure/chat_round_shape4.png]
[radiustheme.com/demo/html/cirkle/media/figure/chat_round_shape2.png]
[radiustheme.com/demo/html/cirkle/media/figure/chat_round_shape.png]
[radiustheme.com/demo/html/cirkle/media/preloader.gif]
[radiustheme.com/demo/html/cirkle/media/about/shape_1.png]
[radiustheme.com/demo/html/cirkle/media/banner/shape_2.png]
[radiustheme.com/demo/html/cirkle/media/banner/shape_3.png]
[radiustheme.com/demo/html/cirkle/media/banner/shape_4.png]
[radiustheme.com/demo/html/cirkle/media/banner/shape_5.png]
[radiustheme.com/demo/html/cirkle/media/banner/shape_6.png]
[radiustheme.com/demo/html/cirkle/media/figure/map_1.png]
[radiustheme.com/demo/html/cirkle/media/testimonial/bg_1.jpg]
[radiustheme.com/demo/html/cirkle/media/testimonial/shape_2.png]
[radiustheme.com/demo/html/cirkle/media/testimonial/shape_1.png]
[radiustheme.com/demo/html/cirkle/media/figure/shape_6.png]
[radiustheme.com/demo/html/cirkle/media/figure/multi_shape.png]
[radiustheme.com/demo/html/cirkle/media/banner/banner_user.jpg]
[radiustheme.com/demo/html/cirkle/media/banner/round_shape1.png]
[radiustheme.com/demo/html/cirkle/media/banner/banner_forum.jpg]
[radiustheme.com/demo/html/cirkle/media/banner/banner_group.jpg]
[radiustheme.com/demo/html/cirkle/media/figure/product_breadcrum.jpg]
[radiustheme.com/demo/html/cirkle/media/figure/chat_round_shape5.png]
[radiustheme.com/demo/html/cirkle/media/figure/square_shape.png]
[radiustheme.com/demo/html/cirkle/assets/css/app.css]
[radiustheme.com/demo/html/cirkle/media/mobile_logo.png]
[radiustheme.com/demo/html/cirkle/media/banner/people_1.png]
[radiustheme.com/demo/html/cirkle/media/banner/shape_1.png]
[radiustheme.com/demo/html/cirkle/media/banner/map_line.png]
[radiustheme.com/demo/html/cirkle/media/banner/marker_1.png]
[radiustheme.com/demo/html/cirkle/media/banner/marker_2.png]
[radiustheme.com/demo/html/cirkle/media/banner/marker_3.png]
[radiustheme.com/demo/html/cirkle/media/banner/marker_4.png]
[radiustheme.com/demo/html/cirkle/media/banner/marker_5.png]
[radiustheme.com/demo/html/cirkle/media/figure/shape_7.png]
[radiustheme.com/demo/html/cirkle/media/team/team_1.jpg]
[radiustheme.com/demo/html/cirkle/media/team/team_5.jpg]
[radiustheme.com/demo/html/cirkle/media/team/team_6.jpg]
[radiustheme.com/demo/html/cirkle/media/team/team_3.jpg]
[radiustheme.com/demo/html/cirkle/media/team/team_4.jpg]
[radiustheme.com/demo/html/cirkle/media/team/team_7.jpg]
[radiustheme.com/demo/html/cirkle/media/figure/shape_9.png]
[radiustheme.com/demo/html/cirkle/media/team/shape_1.png]
[radiustheme.com/demo/html/cirkle/media/team/shape_2.png]
[radiustheme.com/demo/html/cirkle/media/team/shape_circle_1.png]
[radiustheme.com/demo/html/cirkle/media/team/shape_circle_2.png]
[radiustheme.com/demo/html/cirkle/media/team/shape_circle_3.png]
[radiustheme.com/demo/html/cirkle/media/team/shape_3.png]
[radiustheme.com/demo/html/cirkle/media/team/shape_4.png]
[radiustheme.com/demo/html/cirkle/media/figure/why_choose_1.jpg]
[radiustheme.com/demo/html/cirkle/media/location/location_1.jpg]
[radiustheme.com/demo/html/cirkle/media/location/location_2.jpg]
[radiustheme.com/demo/html/cirkle/media/location/location_3.jpg]
[radiustheme.com/demo/html/cirkle/media/location/location_4.jpg]
[radiustheme.com/demo/html/cirkle/media/banner/apps.png]
[radiustheme.com/demo/html/cirkle/media/groups/groups_1.jpg]
[radiustheme.com/demo/html/cirkle/media/groups/groups_2.jpg]
[radiustheme.com/demo/html/cirkle/media/groups/groups_3.jpg]
[radiustheme.com/demo/html/cirkle/media/groups/groups_4.jpg]
[radiustheme.com/demo/html/cirkle/media/groups/groups_5.jpg]
[radiustheme.com/demo/html/cirkle/media/groups/groups_6.jpg]
[radiustheme.com/demo/html/cirkle/media/groups/groups_7.jpg]
[radiustheme.com/demo/html/cirkle/media/groups/groups_8.jpg]
[radiustheme.com/demo/html/cirkle/media/testimonial/nav_1.jpg]
[radiustheme.com/demo/html/cirkle/media/testimonial/nav_2.jpg]
[radiustheme.com/demo/html/cirkle/media/testimonial/nav_3.jpg]
[radiustheme.com/demo/html/cirkle/media/figure/shape_4.png]
[radiustheme.com/demo/html/cirkle/media/figure/shape_8.png]
[radiustheme.com/demo/html/cirkle/media/figure/shape_2.png]
[radiustheme.com/demo/html/cirkle/media/figure/shape_10.png]
[radiustheme.com/demo/html/cirkle/media/figure/shape_11.png]
[radiustheme.com/demo/html/cirkle/media/blog/blog_1.jpg]
[radiustheme.com/demo/html/cirkle/media/blog/blog_2.jpg]
[radiustheme.com/demo/html/cirkle/media/blog/blog_3.jpg]
[radiustheme.com/demo/html/cirkle/media/figure/cloud_1.png]
[radiustheme.com/demo/html/cirkle/media/figure/cloud_2.png]
[radiustheme.com/demo/html/cirkle/media/figure/shape_1.png]
[radiustheme.com/demo/html/cirkle/media/figure/shape_3.png]
[radiustheme.com/demo/html/cirkle/media/figure/shape_5.png]
[radiustheme.com/demo/html/cirkle/media/figure/man_5.png]
[radiustheme.com/demo/html/cirkle/media/figure/man_6.png]
[radiustheme.com/demo/html/cirkle/media/figure/man_4.png]
[radiustheme.com/demo/html/cirkle/media/figure/man_7.png]
[radiustheme.com/demo/html/cirkle/media/figure/man_3.png]
[radiustheme.com/demo/html/cirkle/media/figure/man_8.png]
[radiustheme.com/demo/html/cirkle/media/figure/man_2.png]
[radiustheme.com/demo/html/cirkle/media/figure/man_9.png]
[radiustheme.com/demo/html/cirkle/media/figure/man_1.png]
[radiustheme.com/demo/html/cirkle/index.html]
[radiustheme.com/demo/html/cirkle/media/banner/user_1.jpg]
[radiustheme.com/demo/html/cirkle/media/figure/post_10.jpg]
[radiustheme.com/demo/html/cirkle/media/figure/chat_14.jpg]
[radiustheme.com/demo/html/cirkle/media/figure/chat_15.jpg]
[radiustheme.com/demo/html/cirkle/media/figure/post_11.jpg]
[radiustheme.com/demo/html/cirkle/media/figure/widget_gallery1.jpg]
[radiustheme.com/demo/html/cirkle/media/figure/widget_gallery2.jpg]
[radiustheme.com/demo/html/cirkle/media/figure/widget_gallery3.jpg]
[radiustheme.com/demo/html/cirkle/media/figure/widget_gallery4.jpg]
[radiustheme.com/demo/html/cirkle/media/figure/widget_gallery5.jpg]
[radiustheme.com/demo/html/cirkle/media/figure/widget_gallery6.jpg]
[radiustheme.com/demo/html/cirkle/media/figure/widget_comment1.jpg]
[radiustheme.com/demo/html/cirkle/media/figure/widget_comment2.jpg]
[radiustheme.com/demo/html/cirkle/media/figure/widget_comment3.jpg]
[radiustheme.com/demo/html/cirkle/media/figure/widget_comment4.jpg]
[radiustheme.com/demo/html/cirkle/user-timeline.html]
[radiustheme.com/demo/html/cirkle/user-about.html]
[radiustheme.com/demo/html/cirkle/media/figure/cover_1.jpg]
[radiustheme.com/demo/html/cirkle/media/figure/cover_2.jpg]
[radiustheme.com/demo/html/cirkle/media/figure/author_3.jpg]
[radiustheme.com/demo/html/cirkle/media/figure/cover_3.jpg]
[radiustheme.com/demo/html/cirkle/media/figure/author_4.jpg]
[radiustheme.com/demo/html/cirkle/media/figure/cover_4.jpg]
[radiustheme.com/demo/html/cirkle/media/figure/author_5.jpg]
[radiustheme.com/demo/html/cirkle/media/figure/cover_5.jpg]
[radiustheme.com/demo/html/cirkle/media/figure/author_6.jpg]
[radiustheme.com/demo/html/cirkle/media/figure/cover_6.jpg]
[radiustheme.com/demo/html/cirkle/media/figure/author_7.jpg]
[radiustheme.com/demo/html/cirkle/media/figure/cover_7.jpg]
[radiustheme.com/demo/html/cirkle/media/figure/author_8.jpg]
[radiustheme.com/demo/html/cirkle/media/figure/cover_8.jpg]
[radiustheme.com/demo/html/cirkle/media/figure/author_9.jpg]
[radiustheme.com/demo/html/cirkle/user-friends.html]
[radiustheme.com/demo/html/cirkle/media/groups/user_group1.jpg]
[radiustheme.com/demo/html/cirkle/media/groups/user_group2.jpg]
[radiustheme.com/demo/html/cirkle/media/groups/user_group3.jpg]
[radiustheme.com/demo/html/cirkle/media/groups/user_group4.jpg]
[radiustheme.com/demo/html/cirkle/media/groups/user_group5.jpg]
[radiustheme.com/demo/html/cirkle/media/groups/user_group6.jpg]
[radiustheme.com/demo/html/cirkle/media/groups/user_group7.jpg]
[radiustheme.com/demo/html/cirkle/media/groups/user_group8.jpg]
[radiustheme.com/demo/html/cirkle/user-groups.html]
[radiustheme.com/demo/html/cirkle/media/figure/photo_lg1.jpg]
[radiustheme.com/demo/html/cirkle/media/figure/user_photo1.jpg]
[radiustheme.com/demo/html/cirkle/media/figure/photo_lg2.jpg]
[radiustheme.com/demo/html/cirkle/media/figure/user_photo2.jpg]
[radiustheme.com/demo/html/cirkle/media/figure/photo_lg3.jpg]
[radiustheme.com/demo/html/cirkle/media/figure/user_photo3.jpg]
[radiustheme.com/demo/html/cirkle/media/figure/photo_lg4.jpg]
[radiustheme.com/demo/html/cirkle/media/figure/user_photo4.jpg]
[radiustheme.com/demo/html/cirkle/media/figure/photo_lg6.jpg]
[radiustheme.com/demo/html/cirkle/media/figure/user_photo6.jpg]
[radiustheme.com/demo/html/cirkle/media/figure/photo_lg5.jpg]
[radiustheme.com/demo/html/cirkle/media/figure/user_photo5.jpg]
[radiustheme.com/demo/html/cirkle/media/figure/photo_lg7.jpg]
[radiustheme.com/demo/html/cirkle/media/figure/user_photo7.jpg]
[radiustheme.com/demo/html/cirkle/media/figure/photo_lg8.jpg]
[radiustheme.com/demo/html/cirkle/media/figure/user_photo8.jpg]
[radiustheme.com/demo/html/cirkle/media/figure/photo_lg9.jpg]
[radiustheme.com/demo/html/cirkle/media/figure/user_photo9.jpg]
[radiustheme.com/demo/html/cirkle/media/figure/photo_lg10.jpg]
[radiustheme.com/demo/html/cirkle/media/figure/user_photo10.jpg]
[radiustheme.com/demo/html/cirkle/media/figure/photo_lg11.jpg]
[radiustheme.com/demo/html/cirkle/media/figure/user_photo11.jpg]
[radiustheme.com/demo/html/cirkle/media/figure/photo_lg12.jpg]
[radiustheme.com/demo/html/cirkle/media/figure/user_photo12.jpg]
[radiustheme.com/demo/html/cirkle/user-photo.html]
[radiustheme.com/demo/html/cirkle/media/figure/user_video1.jpg]
[radiustheme.com/demo/html/cirkle/media/figure/user_video2.jpg]
[radiustheme.com/demo/html/cirkle/media/figure/user_video3.jpg]
[radiustheme.com/demo/html/cirkle/media/figure/user_video4.jpg]
[radiustheme.com/demo/html/cirkle/media/figure/user_video5.jpg]
[radiustheme.com/demo/html/cirkle/media/figure/user_video6.jpg]
[radiustheme.com/demo/html/cirkle/media/figure/user_video7.jpg]
[radiustheme.com/demo/html/cirkle/media/figure/user_video8.jpg]
[radiustheme.com/demo/html/cirkle/media/figure/user_video9.jpg]
[radiustheme.com/demo/html/cirkle/media/figure/user_video10.jpg]
[radiustheme.com/demo/html/cirkle/user-video.html]
[radiustheme.com/demo/html/cirkle/user-badges.html]
[radiustheme.com/demo/html/cirkle/media/banner/people_3.png]
[radiustheme.com/demo/html/cirkle/media/figure/forum_4.jpg]
[radiustheme.com/demo/html/cirkle/media/figure/forum_5.jpg]
[radiustheme.com/demo/html/cirkle/media/figure/forum_6.jpg]
[radiustheme.com/demo/html/cirkle/media/figure/forum_1.jpg]
[radiustheme.com/demo/html/cirkle/media/figure/forum_2.jpg]
[radiustheme.com/demo/html/cirkle/media/figure/forum_3.jpg]
[radiustheme.com/demo/html/cirkle/forums.html]
[radiustheme.com/demo/html/cirkle/media/figure/forum_7.jpg]
[radiustheme.com/demo/html/cirkle/forums-forum.html]
[radiustheme.com/demo/html/cirkle/media/figure/post_12.jpg]
[radiustheme.com/demo/html/cirkle/forums-timeline.html]
[radiustheme.com/demo/html/cirkle/forums-info.html]
[radiustheme.com/demo/html/cirkle/forums-members.html]
[radiustheme.com/demo/html/cirkle/forums-media.html]
[radiustheme.com/demo/html/cirkle/media/figure/breadcrumb_img.png]
[radiustheme.com/demo/html/cirkle/media/about/about_1.png]
[radiustheme.com/demo/html/cirkle/media/about/about_2.png]
[radiustheme.com/demo/html/cirkle/about-us.html]
[radiustheme.com/demo/html/cirkle/media/blog/blog_4.jpg]
[radiustheme.com/demo/html/cirkle/media/blog/blog_5.jpg]
[radiustheme.com/demo/html/cirkle/media/blog/blog_6.jpg]
[radiustheme.com/demo/html/cirkle/media/blog/blog_7.jpg]
[radiustheme.com/demo/html/cirkle/media/blog/blog_8.jpg]
[radiustheme.com/demo/html/cirkle/media/blog/blog_9.jpg]
[radiustheme.com/demo/html/cirkle/user-blog.html]
[radiustheme.com/demo/html/cirkle/media/figure/product_1.png]
[radiustheme.com/demo/html/cirkle/media/figure/product_2.png]
[radiustheme.com/demo/html/cirkle/media/figure/product_3.png]
[radiustheme.com/demo/html/cirkle/media/figure/product_4.png]
[radiustheme.com/demo/html/cirkle/media/figure/product_5.png]
[radiustheme.com/demo/html/cirkle/media/figure/product_6.png]
[radiustheme.com/demo/html/cirkle/media/figure/product_7.png]
[radiustheme.com/demo/html/cirkle/media/figure/product_9.png]
[radiustheme.com/demo/html/cirkle/shop.html]
[radiustheme.com/demo/html/cirkle/media/blog/blog_10.jpg]
[radiustheme.com/demo/html/cirkle/media/blog/blog_11.jpg]
[radiustheme.com/demo/html/cirkle/media/blog/blog_12.jpg]
[radiustheme.com/demo/html/cirkle/single-blog.html]
[radiustheme.com/demo/html/cirkle/media/figure/product_10.jpg]
[radiustheme.com/demo/html/cirkle/media/figure/product_11.png]
[radiustheme.com/demo/html/cirkle/single-shop.html]
[radiustheme.com/demo/html/cirkle/contact.html]
[radiustheme.com/demo/html/cirkle/media/logo_large.png]
[radiustheme.com/demo/html/cirkle/media/figure/google-icon.png]
[radiustheme.com/demo/html/cirkle/login.html]
[radiustheme.com/demo/html/cirkle/media/groups/user_group9.jpg]
[radiustheme.com/demo/html/cirkle/media/figure/post_18.jpg]
[radiustheme.com/demo/html/cirkle/media/figure/post_13.jpg]
[radiustheme.com/demo/html/cirkle/media/figure/post_14.jpg]
[radiustheme.com/demo/html/cirkle/media/figure/post_15.jpg]
[radiustheme.com/demo/html/cirkle/media/figure/post_16.jpg]
[radiustheme.com/demo/html/cirkle/media/figure/post_17.jpg]
[radiustheme.com/demo/html/cirkle/user-single-group.html]
[www.radiustheme.com/demo/html/cirkle/dependencies/mcustomscrollbar/mCSB_buttons.html]
[radiustheme.com/demo/html/cirkle/media/figure/product_8.png]
[radiustheme.com/demo/html/cirkle/media/figure/product_7.png]
