[templates.hibootstrap.com/jovie/default/index.html]
[templates.hibootstrap.com/jovie/default/assets/css/bootstrap.min.css]
[templates.hibootstrap.com/jovie/default/assets/css/owl.carousel.min.css]
[templates.hibootstrap.com/jovie/default/assets/css/owl.theme.default.min.css]
[templates.hibootstrap.com/jovie/default/assets/css/boxicon.min.css]
[templates.hibootstrap.com/jovie/default/assets/fonts/flaticon/flaticon.css]
[templates.hibootstrap.com/jovie/default/assets/css/meanmenu.css]
[templates.hibootstrap.com/jovie/default/assets/css/style.css]
[templates.hibootstrap.com/jovie/default/assets/css/dark.css]
[backblue.gif]
[fade.gif]
[index.html]
[templates.hibootstrap.com/jovie/default/assets/css/responsive.css]
[templates.hibootstrap.com/jovie/default/assets/img/favicon.png]
[templates.hibootstrap.com/jovie/default/assets/img/logo.png]
[templates.hibootstrap.com/jovie/default/index-two.html]
[templates.hibootstrap.com/jovie/default/index-three.html]
[templates.hibootstrap.com/jovie/default/index-four.html]
[templates.hibootstrap.com/jovie/default/index-five.html]
[templates.hibootstrap.com/jovie/default/about.html]
[templates.hibootstrap.com/jovie/default/find-job.html]
[templates.hibootstrap.com/jovie/default/post-job.html]
[templates.hibootstrap.com/jovie/default/job-list.html]
[templates.hibootstrap.com/jovie/default/job-grid.html]
[templates.hibootstrap.com/jovie/default/job-details.html]
[templates.hibootstrap.com/jovie/default/candidate.html]
[templates.hibootstrap.com/jovie/default/candidate-details.html]
[templates.hibootstrap.com/jovie/default/company.html]
[templates.hibootstrap.com/jovie/default/pricing.html]
[templates.hibootstrap.com/jovie/default/account.html]
[templates.hibootstrap.com/jovie/default/sign-in.html]
[templates.hibootstrap.com/jovie/default/sign-up.html]
[templates.hibootstrap.com/jovie/default/reset-password.html]
[templates.hibootstrap.com/jovie/default/resume.html]
[templates.hibootstrap.com/jovie/default/404.html]
[templates.hibootstrap.com/jovie/default/testimonial.html]
[templates.hibootstrap.com/jovie/default/faq.html]
[templates.hibootstrap.com/jovie/default/privacy-policy.html]
[templates.hibootstrap.com/jovie/default/terms-condition.html]
[templates.hibootstrap.com/jovie/default/blog.html]
[templates.hibootstrap.com/jovie/default/blog-two]
[templates.hibootstrap.com/jovie/default/blog-details.html]
[templates.hibootstrap.com/jovie/default/contact.html]
[templates.hibootstrap.com/jovie/default/assets/img/company-logo/1.png]
[templates.hibootstrap.com/jovie/default/assets/img/company-logo/2.png]
[templates.hibootstrap.com/jovie/default/assets/img/company-logo/3.png]
[templates.hibootstrap.com/jovie/default/assets/img/company-logo/4.png]
[templates.hibootstrap.com/jovie/default/assets/img/company-logo/5.png]
[templates.hibootstrap.com/jovie/default/assets/img/company-logo/6.png]
[templates.hibootstrap.com/jovie/default/assets/img/top-company/1.png]
[templates.hibootstrap.com/jovie/default/assets/img/top-company/2.png]
[templates.hibootstrap.com/jovie/default/assets/img/top-company/3.png]
[templates.hibootstrap.com/jovie/default/assets/img/top-company/4.png]
[templates.hibootstrap.com/jovie/default/assets/img/candidate/1.jpg]
[templates.hibootstrap.com/jovie/default/assets/img/candidate/2.jpg]
[templates.hibootstrap.com/jovie/default/assets/img/candidate/3.jpg]
[templates.hibootstrap.com/jovie/default/assets/img/candidate/4.jpg]
[templates.hibootstrap.com/jovie/default/assets/img/testimonial-img.jpg]
[templates.hibootstrap.com/jovie/default/assets/img/testimonial-img-2.jpg]
[templates.hibootstrap.com/jovie/default/assets/img/blog/1.jpg]
[templates.hibootstrap.com/jovie/default/assets/img/blog/2.jpg]
[templates.hibootstrap.com/jovie/default/assets/img/blog/3.jpg]
[templates.hibootstrap.com/jovie/default/catagories.html]
[templates.hibootstrap.com/jovie/default/privacy.html]
[templates.hibootstrap.com/cdn-cgi/scripts/5c5dd728/cloudflare-static/email-decode.min.js]
[templates.hibootstrap.com/jovie/default/assets/js/jquery.min.js]
[templates.hibootstrap.com/jovie/default/assets/js/bootstrap.bundle.min.js]
[templates.hibootstrap.com/jovie/default/assets/js/owl.carousel.min.js]
[templates.hibootstrap.com/jovie/default/assets/js/jquery.nice-select.min.js]
[templates.hibootstrap.com/jovie/default/assets/js/jquery.magnific-popup.min.js]
[templates.hibootstrap.com/jovie/default/assets/js/jquery.ajaxchimp.min.js]
[templates.hibootstrap.com/jovie/default/assets/js/form-validator.min.js]
[templates.hibootstrap.com/jovie/default/assets/js/contact-form-script.js]
[templates.hibootstrap.com/jovie/default/assets/js/meanmenu.js]
[templates.hibootstrap.com/jovie/default/index.html]
[templates.hibootstrap.com/jovie/default/assets/css/bootstrap.min.css]
[templates.hibootstrap.com/jovie/default/assets/js/custom.js]
[templates.hibootstrap.com/jovie/default/assets/css/owl.video.play.png]
[templates.hibootstrap.com/jovie/default/assets/css/owl.carousel.min.css]
[templates.hibootstrap.com/jovie/default/assets/css/owl.theme.default.min.css]
[templates.hibootstrap.com/jovie/default/assets/fonts/boxicons.eot]
[templates.hibootstrap.com/jovie/default/assets/fonts/boxicons.woff2]
[templates.hibootstrap.com/jovie/default/assets/fonts/boxicons.woff]
[templates.hibootstrap.com/jovie/default/assets/fonts/boxicons.ttf]
[templates.hibootstrap.com/jovie/default/assets/css/boxicon.min.css]
[templates.hibootstrap.com/jovie/default/assets/fonts/boxiconsd41d.svg]
[templates.hibootstrap.com/jovie/default/assets/fonts/flaticon/Flaticon.eot]
[templates.hibootstrap.com/jovie/default/assets/fonts/flaticon/Flaticond41d.eot]
[templates.hibootstrap.com/jovie/default/assets/fonts/flaticon/Flaticon.woff2]
[templates.hibootstrap.com/jovie/default/assets/fonts/flaticon/Flaticon.woff]
[templates.hibootstrap.com/jovie/default/assets/fonts/flaticon/Flaticon.ttf]
[templates.hibootstrap.com/jovie/default/assets/fonts/flaticon/Flaticon.svg]
[templates.hibootstrap.com/jovie/default/assets/fonts/flaticon/flaticon.css]
[templates.hibootstrap.com/jovie/default/assets/css/meanmenu.css]
[templates.hibootstrap.com/jovie/default/assets/img/banner/1.jpg]
[templates.hibootstrap.com/jovie/default/assets/img/banner/white-shape.png]
[templates.hibootstrap.com/jovie/default/assets/img/section-bg/1.jpg]
[templates.hibootstrap.com/jovie/default/assets/img/shape/why-choose.png]
[templates.hibootstrap.com/jovie/default/assets/img/why.choose.jpg]
[templates.hibootstrap.com/jovie/default/assets/img/shape/price.png]
[templates.hibootstrap.com/jovie/default/assets/img/section-bg/2.jpg]
[templates.hibootstrap.com/jovie/default/assets/img/shape/footer.png]
[templates.hibootstrap.com/jovie/default/assets/img/banner/2.jpg]
[templates.hibootstrap.com/jovie/default/assets/img/shape/job.png]
[templates.hibootstrap.com/jovie/default/assets/img/banner/4.jpg]
[templates.hibootstrap.com/jovie/default/assets/img/section-bg/3.jpg]
[templates.hibootstrap.com/jovie/default/assets/img/shape/app.png]
[templates.hibootstrap.com/jovie/default/assets/img/shape/banner.png]
[templates.hibootstrap.com/jovie/default/assets/img/banner/5.jpg]
[templates.hibootstrap.com/jovie/default/assets/img/title-bg/1.jpg]
[templates.hibootstrap.com/jovie/default/assets/img/title-bg/2.jpg]
[templates.hibootstrap.com/jovie/default/assets/img/title-bg/3.jpg]
[templates.hibootstrap.com/jovie/default/assets/img/title-bg/4.jpg]
[templates.hibootstrap.com/jovie/default/assets/img/title-bg/5.jpg]
[templates.hibootstrap.com/jovie/default/assets/img/title-bg/6.jpg]
[templates.hibootstrap.com/jovie/default/assets/img/title-bg/7.jpg]
[templates.hibootstrap.com/jovie/default/assets/img/title-bg/8.jpg]
[templates.hibootstrap.com/jovie/default/assets/img/title-bg/9.jpg]
[templates.hibootstrap.com/jovie/default/assets/img/title-bg/10.jpg]
[templates.hibootstrap.com/jovie/default/assets/img/title-bg/11.jpg]
[templates.hibootstrap.com/jovie/default/assets/img/title-bg/12.jpg]
[templates.hibootstrap.com/jovie/default/assets/img/title-bg/13.jpg]
[templates.hibootstrap.com/jovie/default/assets/img/title-bg/14.jpg]
[templates.hibootstrap.com/jovie/default/assets/img/title-bg/15.jpg]
[templates.hibootstrap.com/jovie/default/assets/img/title-bg/16.jpg]
[templates.hibootstrap.com/jovie/default/assets/img/title-bg/17.jpg]
[templates.hibootstrap.com/jovie/default/assets/img/title-bg/18.jpg]
[templates.hibootstrap.com/jovie/default/assets/img/title-bg/20.jpg]
[templates.hibootstrap.com/jovie/default/assets/img/title-bg/19.jpg]
[templates.hibootstrap.com/jovie/default/assets/img/title-bg/21.jpg]
[templates.hibootstrap.com/jovie/default/assets/img/title-bg/24.jpg]
[templates.hibootstrap.com/jovie/default/assets/img/title-bg/22.jpg]
[templates.hibootstrap.com/jovie/default/assets/img/title-bg/23.jpg]
[templates.hibootstrap.com/jovie/default/assets/css/style.css]
[templates.hibootstrap.com/jovie/default/assets/img/night.png]
[templates.hibootstrap.com/jovie/default/assets/img/sunny.png]
[templates.hibootstrap.com/jovie/default/assets/css/dark.css]
[templates.hibootstrap.com/jovie/default/assets/css/responsive.css]
[templates.hibootstrap.com/jovie/default/assets/css/nice-select.css]
[templates.hibootstrap.com/jovie/default/blog-two-2.html]
[templates.hibootstrap.com/jovie/default/assets/img/banner/3.jpg]
[templates.hibootstrap.com/jovie/default/index-two.html]
[templates.hibootstrap.com/jovie/default/assets/css/magnific-popup.css]
[templates.hibootstrap.com/jovie/default/assets/img/grow-img.jpg]
[templates.hibootstrap.com/jovie/default/assets/img/mobile.png]
[templates.hibootstrap.com/jovie/default/index-three.html]
[templates.hibootstrap.com/jovie/default/assets/img/banner/banner-img.png]
[templates.hibootstrap.com/jovie/default/assets/img/discover.png]
[templates.hibootstrap.com/jovie/default/assets/img/how-works.png]
[templates.hibootstrap.com/jovie/default/assets/img/client-1.png]
[templates.hibootstrap.com/jovie/default/assets/img/client-2.png]
[templates.hibootstrap.com/jovie/default/index-four.html]
[templates.hibootstrap.com/jovie/default/assets/img/choose.png]
[templates.hibootstrap.com/jovie/default/assets/img/location/1.jpg]
[templates.hibootstrap.com/jovie/default/assets/img/location/2.jpg]
[templates.hibootstrap.com/jovie/default/assets/img/location/3.jpg]
[templates.hibootstrap.com/jovie/default/assets/img/location/5.jpg]
[templates.hibootstrap.com/jovie/default/assets/img/location/4.jpg]
[templates.hibootstrap.com/jovie/default/assets/img/location/6.jpg]
[templates.hibootstrap.com/jovie/default/index-five.html]
[templates.hibootstrap.com/jovie/default/assets/img/about.jpg]
[templates.hibootstrap.com/jovie/default/about.html]
[templates.hibootstrap.com/jovie/default/find-job.html]
[templates.hibootstrap.com/jovie/default/post-job.html]
[templates.hibootstrap.com/jovie/default/job-list.html]
[templates.hibootstrap.com/jovie/default/job-grid.html]
[templates.hibootstrap.com/jovie/default/job-details.html]
[templates.hibootstrap.com/jovie/default/assets/img/candidate/5.jpg]
[templates.hibootstrap.com/jovie/default/assets/img/candidate/6.jpg]
[templates.hibootstrap.com/jovie/default/assets/img/candidate/7.jpg]
[templates.hibootstrap.com/jovie/default/assets/img/candidate/8.jpg]
[templates.hibootstrap.com/jovie/default/candidate.html]
[templates.hibootstrap.com/jovie/default/candidate-details.html]
[templates.hibootstrap.com/jovie/default/assets/img/top-company/5.png]
[templates.hibootstrap.com/jovie/default/assets/img/top-company/6.png]
[templates.hibootstrap.com/jovie/default/assets/img/top-company/7.png]
[templates.hibootstrap.com/jovie/default/assets/img/top-company/8.png]
[templates.hibootstrap.com/jovie/default/company.html]
[templates.hibootstrap.com/jovie/default/pricing.html]
[templates.hibootstrap.com/jovie/default/assets/img/account.jpg]
[templates.hibootstrap.com/jovie/default/account.html]
[templates.hibootstrap.com/jovie/default/signup.html]
[templates.hibootstrap.com/jovie/default/sign-in.html]
[templates.hibootstrap.com/jovie/default/signin.html]
[templates.hibootstrap.com/jovie/default/sign-up.html]
[templates.hibootstrap.com/jovie/default/reset-password.html]
[templates.hibootstrap.com/jovie/default/resume.html]
[templates.hibootstrap.com/jovie/default/assets/img/404.png]
[templates.hibootstrap.com/jovie/default/404.html]
[templates.hibootstrap.com/jovie/default/testimonial.html]
[templates.hibootstrap.com/jovie/default/faq.html]
[templates.hibootstrap.com/jovie/default/privacy-policy.html]
[templates.hibootstrap.com/jovie/default/terms.html]
[templates.hibootstrap.com/jovie/default/terms-condition.html]
[templates.hibootstrap.com/jovie/default/assets/img/blog/4.jpg]
[templates.hibootstrap.com/jovie/default/assets/img/blog/5.jpg]
[templates.hibootstrap.com/jovie/default/assets/img/blog/6.jpg]
[templates.hibootstrap.com/jovie/default/blog.html]
[templates.hibootstrap.com/jovie/default/blog-two.html]
[templates.hibootstrap.com/jovie/default/assets/img/blog/popular-post1.jpg]
[templates.hibootstrap.com/jovie/default/assets/img/blog/popular-post2.jpg]
[templates.hibootstrap.com/jovie/default/assets/img/blog/popular-post3.jpg]
[templates.hibootstrap.com/jovie/default/assets/img/blog/popular-post4.jpg]
[templates.hibootstrap.com/jovie/default/assets/img/blog/blog-details.jpg]
[templates.hibootstrap.com/jovie/default/assets/img/blog/blog-details2.jpg]
[templates.hibootstrap.com/jovie/default/assets/img/blog/blog-details3.jpg]
[templates.hibootstrap.com/jovie/default/blog-details.html]
[templates.hibootstrap.com/jovie/default/contact.html]
[templates.hibootstrap.com/jovie/default/catagories.html]
[templates.hibootstrap.com/jovie/default/privacy.html]
[templates.hibootstrap.com/jovie/default/assets/css/owl.video.play.html]
[templates.hibootstrap.com/jovie/default/assets/fonts/boxiconsd41d.svg]
[templates.hibootstrap.com/jovie/default/assets/fonts/flaticon/Flaticon.html]
[templates.hibootstrap.com/jovie/default/assets/fonts/flaticon/Flaticon-2.html]
[templates.hibootstrap.com/jovie/default/assets/css/nice-select.css]
[templates.hibootstrap.com/jovie/default/blog-two-2.html]
[templates.hibootstrap.com/jovie/default/assets/css/magnific-popup.css]
[templates.hibootstrap.com/jovie/default/signup.html]
[templates.hibootstrap.com/jovie/default/signin.html]
[templates.hibootstrap.com/jovie/default/terms.html]
